Error: [2] Undefined variable $undefined - C:\xampp\htdocs\Educational-Institution-Accreditation\App\Http\Controllers\HomeController.php:15
Error: [2] Undefined variable $undefined - C:\xampp\htdocs\Educational-Institution-Accreditation\App\Http\Controllers\HomeController.php:15
Error: [2] Undefined variable $undefined - C:\xampp\htdocs\Educational-Institution-Accreditation\App\Http\Controllers\HomeController.php:15
Call to undefined method App\Http\Controllers\HomeController::vieww()
Exception: Call to undefined method App\Http\Controllers\HomeController::views() in C:\xampp\htdocs\Educational-Institution-Accreditation\App\Http\Controllers\HomeController.php:15
Exception: Call to undefined method App\Http\Controllers\HomeController::views() in C:\xampp\htdocs\Educational-Institution-Accreditation\App\Http\Controllers\HomeController.php:15
Exception: Call to undefined method App\Http\Controllers\HomeController::views() in C:\xampp\htdocs\Educational-Institution-Accreditation\App\Http\Controllers\HomeController.php:15
Exception: Call to undefined method App\Http\Controllers\HomeController::views() in C:\xampp\htdocs\Educational-Institution-Accreditation\App\Http\Controllers\HomeController.php:15
Exception: Call to undefined method App\Http\Controllers\HomeController::views() in C:\xampp\htdocs\Educational-Institution-Accreditation\App\Http\Controllers\HomeController.php:15
Exception: Call to undefined method App\Http\Controllers\HomeController::views() in C:\xampp\htdocs\Educational-Institution-Accreditation\App\Http\Controllers\HomeController.php:15
